{
  "id": "333",
  "title": "lvm - increase capacity of partition",
  "language": "bash",
  "category": "lvm",
  "type": "command",
  "guid": "6a52199e-823f-45ef-9702-4ff3435d4eb0",
  "url": "https://www.redhat.com/sysadmin/resize-lvm-simple",
  "modified": "2022-06-02T17:50:10Z",
  "created": "2022-05-28T05:50:22Z",
  "tags": [
    "sysadmin"
  ],
  "description": [
    "Attach the new storage to the system. Next, create a new Physical Volume (PV) from that storage. ",
    "Add the PV to the Volume Group (VG) and then extend the Logical Volume (LV).",
    "",
    "More info:",
    "https://tldp.org/HOWTO/LVM-HOWTO/index.html"
  ],
  "cli": [
    "FILESYSTEM_PATH=/dev/mapper/osvg-var.fs",
    "",
    "# get max allocation size to expand later",
    "vgdisplay",
    "",
    "# get PV filesystem path",
    "df -h ",
    "",
    "# increase logical volume",
    "lvextend -L +5G $FILESYSTEM_PATH",
    "",
    "# expand filesystem so changes can be reflected in df -h",
    "xfs_growfs $FILESYSTEM_PATH"
  ],
  "example": [
    "$ FILESYSTEM_PATH=/dev/mapper/osvg-var.fs",
    "",
    "$ vgdisplay",
    "",
    "    --- Volume group ---",
    "    VG Name               osvg",
    "    System ID",
    "    Format                lvm2",
    "    Metadata Areas        1",
    "    Metadata Sequence No  15",
    "    VG Access             read/write",
    "    VG Status             resizable",
    "    MAX LV                0",
    "    Cur LV                10",
    "    Open LV               9",
    "    Max PV                0",
    "    Cur PV                1",
    "    Act PV                1",
    "    VG Size               <95.02 GiB",
    "    PE Size               4.00 MiB",
    "    Total PE              24325",
    "    Alloc PE / Size       10894 / 42.55 GiB",
    "    Free  PE / Size       13431 / 52.46 GiB",
    "    VG UUID               BC3fLo-0uIt-5Gcg-dL0i-ywLL-4miW-eT6cw3",
    "",
    "$ df -h ",
    "",
    "    Filesystem                                Size  Used Avail Use% Mounted on",
    "    devtmpfs                                   63G     0   63G   0% /dev",
    "    tmpfs                                      63G   12M   63G   1% /dev/shm",
    "    tmpfs                                      63G   58M   63G   1% /run",
    "    tmpfs                                      63G     0   63G   0% /sys/fs/cgroup",
    "    /dev/mapper/osvg-root.fs                  3.0G  551M  2.4G  19% /",
    "    /dev/mapper/osvg-usr.fs                    13G  4.2G  8.9G  32% /usr",
    "    /dev/mapper/datavg-u01                    299G   46G  254G  16% /u01",
    "    /dev/mapper/datavg-u02                    300G   33M  300G   1% /u02",
    "    /dev/mapper/osvg-opt.fs                    14G  1.2G   13G   9% /opt",
    "    /dev/mapper/osvg-var.fs                   3.0G  1.4G  1.7G  45% /var",
    "    /dev/mapper/datavg-u04                    100G   33M  100G   1% /u04",
    "    /dev/mapper/datavg-u06                     50G   33M   50G   1% /u06",
    "    /dev/mapper/datavg-u03                    100G   33M  100G   1% /u03",
    "    /dev/mapper/datavg-u05                     50G   33M   50G   1% /u05",
    "    /dev/mapper/osvg-home.fs                  1.5G  952M  546M  64% /home",
    "    /dev/mapper/osvg-tmp.fs                   997M   33M  964M   4% /tmp",
    "    /dev/sdc1                                 997M  316M  682M  32% /boot",
    "    /dev/mapper/osvg-oswatcher.fs             3.0G  416M  2.6G  14% /oswatcher",
    "    /dev/mapper/osvg-varlog.fs                2.0G  858M  1.2G  44% /var/log",
    "",
    "$ lvextend -L +5G /dev/mapper/osvg-var.fs",
    "",
    "    Size of logical volume osvg/var.fs changed from 2.95 GiB (756 extents) to 7.95 GiB (2036 extents).",
    "    Logical volume osvg/var.fs successfully resized.",
    "",
    "$ xfs_growfs $FILESYSTEM_PATH",
    "",
    "    meta-data=/dev/mapper/osvg-var.fs isize=256    agcount=21, agsize=128000 blks",
    "            =                       sectsz=512   attr=2, projid32bit=1",
    "            =                       crc=0        finobt=0 spinodes=0",
    "    data    =                       bsize=4096   blocks=2606080, imaxpct=25",
    "            =                       sunit=0      swidth=0 blks",
    "    naming  =version 2              bsize=4096   ascii-ci=0 ftype=1",
    "    log     =internal               bsize=4096   blocks=2560, version=2",
    "            =                       sectsz=512   sunit=0 blks, lazy-count=1",
    "    realtime =none                   extsz=4096   blocks=0, rtextents=0",
    "    data blocks changed from 2606080 to 3916800",
    "",
    "",
    "$ df -h | grep $FILESYSTEM_PATH",
    "",
    "    /dev/mapper/osvg-var.fs                    15G   10G  5.0G  67% /var"
  ],
  "output": []
}
